1
Not Found!
10
2
3
Not Found!
Not Found!
200%
Not Found!
3
